19:59:23 **** Build of configuration Default for project f429Disco ****
make all 
mkdir build		
arm-none-eabi-gcc -c -mcpu=cortex-m4 -mthumb -mfpu=fpv4-sp-d16 -mfloat-abi=hard -DUSE_HAL_DRIVER -DSTM32F429xx -IInc -IDrivers/STM32F4xx_HAL_Driver/Inc -IDrivers/STM32F4xx_HAL_Driver/Inc/Legacy -IMiddlewares/Third_Party/FreeRTOS/Source/include -IMiddlewares/Third_Party/FreeRTOS/Source/CMSIS_RTOS -IMiddlewares/Third_Party/FreeRTOS/Source/portable/GCC/ARM_CM4F -IMiddlewares/ST/STM32_USB_Host_Library/Core/Inc -IMiddlewares/ST/STM32_USB_Host_Library/Class/CDC/Inc -IDrivers/CMSIS/Device/ST/STM32F4xx/Include -IDrivers/CMSIS/Include -Og -Wall -fdata-sections -ffunction-sections -g -gdwarf-2 -MMD -MP -MF"build/main.d" -Wa,-a,-ad,-alms=build/main.lst Src/main.c -o build/main.o
arm-none-eabi-gcc -c -mcpu=cortex-m4 -mthumb -mfpu=fpv4-sp-d16 -mfloat-abi=hard -DUSE_HAL_DRIVER -DSTM32F429xx -IInc -IDrivers/STM32F4xx_HAL_Driver/Inc -IDrivers/STM32F4xx_HAL_Driver/Inc/Legacy -IMiddlewares/Third_Party/FreeRTOS/Source/include -IMiddlewares/Third_Party/FreeRTOS/Source/CMSIS_RTOS -IMiddlewares/Third_Party/FreeRTOS/Source/portable/GCC/ARM_CM4F -IMiddlewares/ST/STM32_USB_Host_Library/Core/Inc -IMiddlewares/ST/STM32_USB_Host_Library/Class/CDC/Inc -IDrivers/CMSIS/Device/ST/STM32F4xx/Include -IDrivers/CMSIS/Include -Og -Wall -fdata-sections -ffunction-sections -g -gdwarf-2 -MMD -MP -MF"build/freertos.d" -Wa,-a,-ad,-alms=build/freertos.lst Src/freertos.c -o build/freertos.o
arm-none-eabi-gcc -c -mcpu=cortex-m4 -mthumb -mfpu=fpv4-sp-d16 -mfloat-abi=hard -DUSE_HAL_DRIVER -DSTM32F429xx -IInc -IDrivers/STM32F4xx_HAL_Driver/Inc -IDrivers/STM32F4xx_HAL_Driver/Inc/Legacy -IMiddlewares/Third_Party/FreeRTOS/Source/include -IMiddlewares/Third_Party/FreeRTOS/Source/CMSIS_RTOS -IMiddlewares/Third_Party/FreeRTOS/Source/portable/GCC/ARM_CM4F -IMiddlewares/ST/STM32_USB_Host_Library/Core/Inc -IMiddlewares/ST/STM32_USB_Host_Library/Class/CDC/Inc -IDrivers/CMSIS/Device/ST/STM32F4xx/Include -IDrivers/CMSIS/Include -Og -Wall -fdata-sections -ffunction-sections -g -gdwarf-2 -MMD -MP -MF"build/usb_host.d" -Wa,-a,-ad,-alms=build/usb_host.lst Src/usb_host.c -o build/usb_host.o
arm-none-eabi-gcc -c -mcpu=cortex-m4 -mthumb -mfpu=fpv4-sp-d16 -mfloat-abi=hard -DUSE_HAL_DRIVER -DSTM32F429xx -IInc -IDrivers/STM32F4xx_HAL_Driver/Inc -IDrivers/STM32F4xx_HAL_Driver/Inc/Legacy -IMiddlewares/Third_Party/FreeRTOS/Source/include -IMiddlewares/Third_Party/FreeRTOS/Source/CMSIS_RTOS -IMiddlewares/Third_Party/FreeRTOS/Source/portable/GCC/ARM_CM4F -IMiddlewares/ST/STM32_USB_Host_Library/Core/Inc -IMiddlewares/ST/STM32_USB_Host_Library/Class/CDC/Inc -IDrivers/CMSIS/Device/ST/STM32F4xx/Include -IDrivers/CMSIS/Include -Og -Wall -fdata-sections -ffunction-sections -g -gdwarf-2 -MMD -MP -MF"build/usbh_conf.d" -Wa,-a,-ad,-alms=build/usbh_conf.lst Src/usbh_conf.c -o build/usbh_conf.o
arm-none-eabi-gcc -c -mcpu=cortex-m4 -mthumb -mfpu=fpv4-sp-d16 -mfloat-abi=hard -DUSE_HAL_DRIVER -DSTM32F429xx -IInc -IDrivers/STM32F4xx_HAL_Driver/Inc -IDrivers/STM32F4xx_HAL_Driver/Inc/Legacy -IMiddlewares/Third_Party/FreeRTOS/Source/include -IMiddlewares/Third_Party/FreeRTOS/Source/CMSIS_RTOS -IMiddlewares/Third_Party/FreeRTOS/Source/portable/GCC/ARM_CM4F -IMiddlewares/ST/STM32_USB_Host_Library/Core/Inc -IMiddlewares/ST/STM32_USB_Host_Library/Class/CDC/Inc -IDrivers/CMSIS/Device/ST/STM32F4xx/Include -IDrivers/CMSIS/Include -Og -Wall -fdata-sections -ffunction-sections -g -gdwarf-2 -MMD -MP -MF"build/usbh_platform.d" -Wa,-a,-ad,-alms=build/usbh_platform.lst Src/usbh_platform.c -o build/usbh_platform.o
arm-none-eabi-gcc -c -mcpu=cortex-m4 -mthumb -mfpu=fpv4-sp-d16 -mfloat-abi=hard -DUSE_HAL_DRIVER -DSTM32F429xx -IInc -IDrivers/STM32F4xx_HAL_Driver/Inc -IDrivers/STM32F4xx_HAL_Driver/Inc/Legacy -IMiddlewares/Third_Party/FreeRTOS/Source/include -IMiddlewares/Third_Party/FreeRTOS/Source/CMSIS_RTOS -IMiddlewares/Third_Party/FreeRTOS/Source/portable/GCC/ARM_CM4F -IMiddlewares/ST/STM32_USB_Host_Library/Core/Inc -IMiddlewares/ST/STM32_USB_Host_Library/Class/CDC/Inc -IDrivers/CMSIS/Device/ST/STM32F4xx/Include -IDrivers/CMSIS/Include -Og -Wall -fdata-sections -ffunction-sections -g -gdwarf-2 -MMD -MP -MF"build/stm32f4xx_it.d" -Wa,-a,-ad,-alms=build/stm32f4xx_it.lst Src/stm32f4xx_it.c -o build/stm32f4xx_it.o
arm-none-eabi-gcc -c -mcpu=cortex-m4 -mthumb -mfpu=fpv4-sp-d16 -mfloat-abi=hard -DUSE_HAL_DRIVER -DSTM32F429xx -IInc -IDrivers/STM32F4xx_HAL_Driver/Inc -IDrivers/STM32F4xx_HAL_Driver/Inc/Legacy -IMiddlewares/Third_Party/FreeRTOS/Source/include -IMiddlewares/Third_Party/FreeRTOS/Source/CMSIS_RTOS -IMiddlewares/Third_Party/FreeRTOS/Source/portable/GCC/ARM_CM4F -IMiddlewares/ST/STM32_USB_Host_Library/Core/Inc -IMiddlewares/ST/STM32_USB_Host_Library/Class/CDC/Inc -IDrivers/CMSIS/Device/ST/STM32F4xx/Include -IDrivers/CMSIS/Include -Og -Wall -fdata-sections -ffunction-sections -g -gdwarf-2 -MMD -MP -MF"build/stm32f4xx_hal_msp.d" -Wa,-a,-ad,-alms=build/stm32f4xx_hal_msp.lst Src/stm32f4xx_hal_msp.c -o build/stm32f4xx_hal_msp.o
arm-none-eabi-gcc -c -mcpu=cortex-m4 -mthumb -mfpu=fpv4-sp-d16 -mfloat-abi=hard -DUSE_HAL_DRIVER -DSTM32F429xx -IInc -IDrivers/STM32F4xx_HAL_Driver/Inc -IDrivers/STM32F4xx_HAL_Driver/Inc/Legacy -IMiddlewares/Third_Party/FreeRTOS/Source/include -IMiddlewares/Third_Party/FreeRTOS/Source/CMSIS_RTOS -IMiddlewares/Third_Party/FreeRTOS/Source/portable/GCC/ARM_CM4F -IMiddlewares/ST/STM32_USB_Host_Library/Core/Inc -IMiddlewares/ST/STM32_USB_Host_Library/Class/CDC/Inc -IDrivers/CMSIS/Device/ST/STM32F4xx/Include -IDrivers/CMSIS/Include -Og -Wall -fdata-sections -ffunction-sections -g -gdwarf-2 -MMD -MP -MF"build/stm32f4xx_hal_timebase_tim.d" -Wa,-a,-ad,-alms=build/stm32f4xx_hal_timebase_tim.lst Src/stm32f4xx_hal_timebase_tim.c -o build/stm32f4xx_hal_timebase_tim.o
arm-none-eabi-gcc -c -mcpu=cortex-m4 -mthumb -mfpu=fpv4-sp-d16 -mfloat-abi=hard -DUSE_HAL_DRIVER -DSTM32F429xx -IInc -IDrivers/STM32F4xx_HAL_Driver/Inc -IDrivers/STM32F4xx_HAL_Driver/Inc/Legacy -IMiddlewares/Third_Party/FreeRTOS/Source/include -IMiddlewares/Third_Party/FreeRTOS/Source/CMSIS_RTOS -IMiddlewares/Third_Party/FreeRTOS/Source/portable/GCC/ARM_CM4F -IMiddlewares/ST/STM32_USB_Host_Library/Core/Inc -IMiddlewares/ST/STM32_USB_Host_Library/Class/CDC/Inc -IDrivers/CMSIS/Device/ST/STM32F4xx/Include -IDrivers/CMSIS/Include -Og -Wall -fdata-sections -ffunction-sections -g -gdwarf-2 -MMD -MP -MF"build/stm32f4xx_hal_hcd.d" -Wa,-a,-ad,-alms=build/stm32f4xx_hal_hcd.lst Drivers/STM32F4xx_HAL_Driver/Src/stm32f4xx_hal_hcd.c -o build/stm32f4xx_hal_hcd.o
arm-none-eabi-gcc -c -mcpu=cortex-m4 -mthumb -mfpu=fpv4-sp-d16 -mfloat-abi=hard -DUSE_HAL_DRIVER -DSTM32F429xx -IInc -IDrivers/STM32F4xx_HAL_Driver/Inc -IDrivers/STM32F4xx_HAL_Driver/Inc/Legacy -IMiddlewares/Third_Party/FreeRTOS/Source/include -IMiddlewares/Third_Party/FreeRTOS/Source/CMSIS_RTOS -IMiddlewares/Third_Party/FreeRTOS/Source/portable/GCC/ARM_CM4F -IMiddlewares/ST/STM32_USB_Host_Library/Core/Inc -IMiddlewares/ST/STM32_USB_Host_Library/Class/CDC/Inc -IDrivers/CMSIS/Device/ST/STM32F4xx/Include -IDrivers/CMSIS/Include -Og -Wall -fdata-sections -ffunction-sections -g -gdwarf-2 -MMD -MP -MF"build/stm32f4xx_ll_usb.d" -Wa,-a,-ad,-alms=build/stm32f4xx_ll_usb.lst Drivers/STM32F4xx_HAL_Driver/Src/stm32f4xx_ll_usb.c -o build/stm32f4xx_ll_usb.o
arm-none-eabi-gcc -c -mcpu=cortex-m4 -mthumb -mfpu=fpv4-sp-d16 -mfloat-abi=hard -DUSE_HAL_DRIVER -DSTM32F429xx -IInc -IDrivers/STM32F4xx_HAL_Driver/Inc -IDrivers/STM32F4xx_HAL_Driver/Inc/Legacy -IMiddlewares/Third_Party/FreeRTOS/Source/include -IMiddlewares/Third_Party/FreeRTOS/Source/CMSIS_RTOS -IMiddlewares/Third_Party/FreeRTOS/Source/portable/GCC/ARM_CM4F -IMiddlewares/ST/STM32_USB_Host_Library/Core/Inc -IMiddlewares/ST/STM32_USB_Host_Library/Class/CDC/Inc -IDrivers/CMSIS/Device/ST/STM32F4xx/Include -IDrivers/CMSIS/Include -Og -Wall -fdata-sections -ffunction-sections -g -gdwarf-2 -MMD -MP -MF"build/stm32f4xx_hal_rcc.d" -Wa,-a,-ad,-alms=build/stm32f4xx_hal_rcc.lst Drivers/STM32F4xx_HAL_Driver/Src/stm32f4xx_hal_rcc.c -o build/stm32f4xx_hal_rcc.o
arm-none-eabi-gcc -c -mcpu=cortex-m4 -mthumb -mfpu=fpv4-sp-d16 -mfloat-abi=hard -DUSE_HAL_DRIVER -DSTM32F429xx -IInc -IDrivers/STM32F4xx_HAL_Driver/Inc -IDrivers/STM32F4xx_HAL_Driver/Inc/Legacy -IMiddlewares/Third_Party/FreeRTOS/Source/include -IMiddlewares/Third_Party/FreeRTOS/Source/CMSIS_RTOS -IMiddlewares/Third_Party/FreeRTOS/Source/portable/GCC/ARM_CM4F -IMiddlewares/ST/STM32_USB_Host_Library/Core/Inc -IMiddlewares/ST/STM32_USB_Host_Library/Class/CDC/Inc -IDrivers/CMSIS/Device/ST/STM32F4xx/Include -IDrivers/CMSIS/Include -Og -Wall -fdata-sections -ffunction-sections -g -gdwarf-2 -MMD -MP -MF"build/stm32f4xx_hal_rcc_ex.d" -Wa,-a,-ad,-alms=build/stm32f4xx_hal_rcc_ex.lst Drivers/STM32F4xx_HAL_Driver/Src/stm32f4xx_hal_rcc_ex.c -o build/stm32f4xx_hal_rcc_ex.o
arm-none-eabi-gcc -c -mcpu=cortex-m4 -mthumb -mfpu=fpv4-sp-d16 -mfloat-abi=hard -DUSE_HAL_DRIVER -DSTM32F429xx -IInc -IDrivers/STM32F4xx_HAL_Driver/Inc -IDrivers/STM32F4xx_HAL_Driver/Inc/Legacy -IMiddlewares/Third_Party/FreeRTOS/Source/include -IMiddlewares/Third_Party/FreeRTOS/Source/CMSIS_RTOS -IMiddlewares/Third_Party/FreeRTOS/Source/portable/GCC/ARM_CM4F -IMiddlewares/ST/STM32_USB_Host_Library/Core/Inc -IMiddlewares/ST/STM32_USB_Host_Library/Class/CDC/Inc -IDrivers/CMSIS/Device/ST/STM32F4xx/Include -IDrivers/CMSIS/Include -Og -Wall -fdata-sections -ffunction-sections -g -gdwarf-2 -MMD -MP -MF"build/stm32f4xx_hal_flash.d" -Wa,-a,-ad,-alms=build/stm32f4xx_hal_flash.lst Drivers/STM32F4xx_HAL_Driver/Src/stm32f4xx_hal_flash.c -o build/stm32f4xx_hal_flash.o
arm-none-eabi-gcc -c -mcpu=cortex-m4 -mthumb -mfpu=fpv4-sp-d16 -mfloat-abi=hard -DUSE_HAL_DRIVER -DSTM32F429xx -IInc -IDrivers/STM32F4xx_HAL_Driver/Inc -IDrivers/STM32F4xx_HAL_Driver/Inc/Legacy -IMiddlewares/Third_Party/FreeRTOS/Source/include -IMiddlewares/Third_Party/FreeRTOS/Source/CMSIS_RTOS -IMiddlewares/Third_Party/FreeRTOS/Source/portable/GCC/ARM_CM4F -IMiddlewares/ST/STM32_USB_Host_Library/Core/Inc -IMiddlewares/ST/STM32_USB_Host_Library/Class/CDC/Inc -IDrivers/CMSIS/Device/ST/STM32F4xx/Include -IDrivers/CMSIS/Include -Og -Wall -fdata-sections -ffunction-sections -g -gdwarf-2 -MMD -MP -MF"build/stm32f4xx_hal_flash_ex.d" -Wa,-a,-ad,-alms=build/stm32f4xx_hal_flash_ex.lst Drivers/STM32F4xx_HAL_Driver/Src/stm32f4xx_hal_flash_ex.c -o build/stm32f4xx_hal_flash_ex.o
arm-none-eabi-gcc -c -mcpu=cortex-m4 -mthumb -mfpu=fpv4-sp-d16 -mfloat-abi=hard -DUSE_HAL_DRIVER -DSTM32F429xx -IInc -IDrivers/STM32F4xx_HAL_Driver/Inc -IDrivers/STM32F4xx_HAL_Driver/Inc/Legacy -IMiddlewares/Third_Party/FreeRTOS/Source/include -IMiddlewares/Third_Party/FreeRTOS/Source/CMSIS_RTOS -IMiddlewares/Third_Party/FreeRTOS/Source/portable/GCC/ARM_CM4F -IMiddlewares/ST/STM32_USB_Host_Library/Core/Inc -IMiddlewares/ST/STM32_USB_Host_Library/Class/CDC/Inc -IDrivers/CMSIS/Device/ST/STM32F4xx/Include -IDrivers/CMSIS/Include -Og -Wall -fdata-sections -ffunction-sections -g -gdwarf-2 -MMD -MP -MF"build/stm32f4xx_hal_flash_ramfunc.d" -Wa,-a,-ad,-alms=build/stm32f4xx_hal_flash_ramfunc.lst Drivers/STM32F4xx_HAL_Driver/Src/stm32f4xx_hal_flash_ramfunc.c -o build/stm32f4xx_hal_flash_ramfunc.o
arm-none-eabi-gcc -c -mcpu=cortex-m4 -mthumb -mfpu=fpv4-sp-d16 -mfloat-abi=hard -DUSE_HAL_DRIVER -DSTM32F429xx -IInc -IDrivers/STM32F4xx_HAL_Driver/Inc -IDrivers/STM32F4xx_HAL_Driver/Inc/Legacy -IMiddlewares/Third_Party/FreeRTOS/Source/include -IMiddlewares/Third_Party/FreeRTOS/Source/CMSIS_RTOS -IMiddlewares/Third_Party/FreeRTOS/Source/portable/GCC/ARM_CM4F -IMiddlewares/ST/STM32_USB_Host_Library/Core/Inc -IMiddlewares/ST/STM32_USB_Host_Library/Class/CDC/Inc -IDrivers/CMSIS/Device/ST/STM32F4xx/Include -IDrivers/CMSIS/Include -Og -Wall -fdata-sections -ffunction-sections -g -gdwarf-2 -MMD -MP -MF"build/stm32f4xx_hal_gpio.d" -Wa,-a,-ad,-alms=build/stm32f4xx_hal_gpio.lst Drivers/STM32F4xx_HAL_Driver/Src/stm32f4xx_hal_gpio.c -o build/stm32f4xx_hal_gpio.o
arm-none-eabi-gcc -c -mcpu=cortex-m4 -mthumb -mfpu=fpv4-sp-d16 -mfloat-abi=hard -DUSE_HAL_DRIVER -DSTM32F429xx -IInc -IDrivers/STM32F4xx_HAL_Driver/Inc -IDrivers/STM32F4xx_HAL_Driver/Inc/Legacy -IMiddlewares/Third_Party/FreeRTOS/Source/include -IMiddlewares/Third_Party/FreeRTOS/Source/CMSIS_RTOS -IMiddlewares/Third_Party/FreeRTOS/Source/portable/GCC/ARM_CM4F -IMiddlewares/ST/STM32_USB_Host_Library/Core/Inc -IMiddlewares/ST/STM32_USB_Host_Library/Class/CDC/Inc -IDrivers/CMSIS/Device/ST/STM32F4xx/Include -IDrivers/CMSIS/Include -Og -Wall -fdata-sections -ffunction-sections -g -gdwarf-2 -MMD -MP -MF"build/stm32f4xx_hal_dma_ex.d" -Wa,-a,-ad,-alms=build/stm32f4xx_hal_dma_ex.lst Drivers/STM32F4xx_HAL_Driver/Src/stm32f4xx_hal_dma_ex.c -o build/stm32f4xx_hal_dma_ex.o
arm-none-eabi-gcc -c -mcpu=cortex-m4 -mthumb -mfpu=fpv4-sp-d16 -mfloat-abi=hard -DUSE_HAL_DRIVER -DSTM32F429xx -IInc -IDrivers/STM32F4xx_HAL_Driver/Inc -IDrivers/STM32F4xx_HAL_Driver/Inc/Legacy -IMiddlewares/Third_Party/FreeRTOS/Source/include -IMiddlewares/Third_Party/FreeRTOS/Source/CMSIS_RTOS -IMiddlewares/Third_Party/FreeRTOS/Source/portable/GCC/ARM_CM4F -IMiddlewares/ST/STM32_USB_Host_Library/Core/Inc -IMiddlewares/ST/STM32_USB_Host_Library/Class/CDC/Inc -IDrivers/CMSIS/Device/ST/STM32F4xx/Include -IDrivers/CMSIS/Include -Og -Wall -fdata-sections -ffunction-sections -g -gdwarf-2 -MMD -MP -MF"build/stm32f4xx_hal_dma.d" -Wa,-a,-ad,-alms=build/stm32f4xx_hal_dma.lst Drivers/STM32F4xx_HAL_Driver/Src/stm32f4xx_hal_dma.c -o build/stm32f4xx_hal_dma.o
arm-none-eabi-gcc -c -mcpu=cortex-m4 -mthumb -mfpu=fpv4-sp-d16 -mfloat-abi=hard -DUSE_HAL_DRIVER -DSTM32F429xx -IInc -IDrivers/STM32F4xx_HAL_Driver/Inc -IDrivers/STM32F4xx_HAL_Driver/Inc/Legacy -IMiddlewares/Third_Party/FreeRTOS/Source/include -IMiddlewares/Third_Party/FreeRTOS/Source/CMSIS_RTOS -IMiddlewares/Third_Party/FreeRTOS/Source/portable/GCC/ARM_CM4F -IMiddlewares/ST/STM32_USB_Host_Library/Core/Inc -IMiddlewares/ST/STM32_USB_Host_Library/Class/CDC/Inc -IDrivers/CMSIS/Device/ST/STM32F4xx/Include -IDrivers/CMSIS/Include -Og -Wall -fdata-sections -ffunction-sections -g -gdwarf-2 -MMD -MP -MF"build/stm32f4xx_hal_pwr.d" -Wa,-a,-ad,-alms=build/stm32f4xx_hal_pwr.lst Drivers/STM32F4xx_HAL_Driver/Src/stm32f4xx_hal_pwr.c -o build/stm32f4xx_hal_pwr.o
arm-none-eabi-gcc -c -mcpu=cortex-m4 -mthumb -mfpu=fpv4-sp-d16 -mfloat-abi=hard -DUSE_HAL_DRIVER -DSTM32F429xx -IInc -IDrivers/STM32F4xx_HAL_Driver/Inc -IDrivers/STM32F4xx_HAL_Driver/Inc/Legacy -IMiddlewares/Third_Party/FreeRTOS/Source/include -IMiddlewares/Third_Party/FreeRTOS/Source/CMSIS_RTOS -IMiddlewares/Third_Party/FreeRTOS/Source/portable/GCC/ARM_CM4F -IMiddlewares/ST/STM32_USB_Host_Library/Core/Inc -IMiddlewares/ST/STM32_USB_Host_Library/Class/CDC/Inc -IDrivers/CMSIS/Device/ST/STM32F4xx/Include -IDrivers/CMSIS/Include -Og -Wall -fdata-sections -ffunction-sections -g -gdwarf-2 -MMD -MP -MF"build/stm32f4xx_hal_pwr_ex.d" -Wa,-a,-ad,-alms=build/stm32f4xx_hal_pwr_ex.lst Drivers/STM32F4xx_HAL_Driver/Src/stm32f4xx_hal_pwr_ex.c -o build/stm32f4xx_hal_pwr_ex.o
arm-none-eabi-gcc -c -mcpu=cortex-m4 -mthumb -mfpu=fpv4-sp-d16 -mfloat-abi=hard -DUSE_HAL_DRIVER -DSTM32F429xx -IInc -IDrivers/STM32F4xx_HAL_Driver/Inc -IDrivers/STM32F4xx_HAL_Driver/Inc/Legacy -IMiddlewares/Third_Party/FreeRTOS/Source/include -IMiddlewares/Third_Party/FreeRTOS/Source/CMSIS_RTOS -IMiddlewares/Third_Party/FreeRTOS/Source/portable/GCC/ARM_CM4F -IMiddlewares/ST/STM32_USB_Host_Library/Core/Inc -IMiddlewares/ST/STM32_USB_Host_Library/Class/CDC/Inc -IDrivers/CMSIS/Device/ST/STM32F4xx/Include -IDrivers/CMSIS/Include -Og -Wall -fdata-sections -ffunction-sections -g -gdwarf-2 -MMD -MP -MF"build/stm32f4xx_hal_cortex.d" -Wa,-a,-ad,-alms=build/stm32f4xx_hal_cortex.lst Drivers/STM32F4xx_HAL_Driver/Src/stm32f4xx_hal_cortex.c -o build/stm32f4xx_hal_cortex.o
arm-none-eabi-gcc -c -mcpu=cortex-m4 -mthumb -mfpu=fpv4-sp-d16 -mfloat-abi=hard -DUSE_HAL_DRIVER -DSTM32F429xx -IInc -IDrivers/STM32F4xx_HAL_Driver/Inc -IDrivers/STM32F4xx_HAL_Driver/Inc/Legacy -IMiddlewares/Third_Party/FreeRTOS/Source/include -IMiddlewares/Third_Party/FreeRTOS/Source/CMSIS_RTOS -IMiddlewares/Third_Party/FreeRTOS/Source/portable/GCC/ARM_CM4F -IMiddlewares/ST/STM32_USB_Host_Library/Core/Inc -IMiddlewares/ST/STM32_USB_Host_Library/Class/CDC/Inc -IDrivers/CMSIS/Device/ST/STM32F4xx/Include -IDrivers/CMSIS/Include -Og -Wall -fdata-sections -ffunction-sections -g -gdwarf-2 -MMD -MP -MF"build/stm32f4xx_hal.d" -Wa,-a,-ad,-alms=build/stm32f4xx_hal.lst Drivers/STM32F4xx_HAL_Driver/Src/stm32f4xx_hal.c -o build/stm32f4xx_hal.o
arm-none-eabi-gcc -c -mcpu=cortex-m4 -mthumb -mfpu=fpv4-sp-d16 -mfloat-abi=hard -DUSE_HAL_DRIVER -DSTM32F429xx -IInc -IDrivers/STM32F4xx_HAL_Driver/Inc -IDrivers/STM32F4xx_HAL_Driver/Inc/Legacy -IMiddlewares/Third_Party/FreeRTOS/Source/include -IMiddlewares/Third_Party/FreeRTOS/Source/CMSIS_RTOS -IMiddlewares/Third_Party/FreeRTOS/Source/portable/GCC/ARM_CM4F -IMiddlewares/ST/STM32_USB_Host_Library/Core/Inc -IMiddlewares/ST/STM32_USB_Host_Library/Class/CDC/Inc -IDrivers/CMSIS/Device/ST/STM32F4xx/Include -IDrivers/CMSIS/Include -Og -Wall -fdata-sections -ffunction-sections -g -gdwarf-2 -MMD -MP -MF"build/stm32f4xx_hal_exti.d" -Wa,-a,-ad,-alms=build/stm32f4xx_hal_exti.lst Drivers/STM32F4xx_HAL_Driver/Src/stm32f4xx_hal_exti.c -o build/stm32f4xx_hal_exti.o
arm-none-eabi-gcc -c -mcpu=cortex-m4 -mthumb -mfpu=fpv4-sp-d16 -mfloat-abi=hard -DUSE_HAL_DRIVER -DSTM32F429xx -IInc -IDrivers/STM32F4xx_HAL_Driver/Inc -IDrivers/STM32F4xx_HAL_Driver/Inc/Legacy -IMiddlewares/Third_Party/FreeRTOS/Source/include -IMiddlewares/Third_Party/FreeRTOS/Source/CMSIS_RTOS -IMiddlewares/Third_Party/FreeRTOS/Source/portable/GCC/ARM_CM4F -IMiddlewares/ST/STM32_USB_Host_Library/Core/Inc -IMiddlewares/ST/STM32_USB_Host_Library/Class/CDC/Inc -IDrivers/CMSIS/Device/ST/STM32F4xx/Include -IDrivers/CMSIS/Include -Og -Wall -fdata-sections -ffunction-sections -g -gdwarf-2 -MMD -MP -MF"build/stm32f4xx_hal_crc.d" -Wa,-a,-ad,-alms=build/stm32f4xx_hal_crc.lst Drivers/STM32F4xx_HAL_Driver/Src/stm32f4xx_hal_crc.c -o build/stm32f4xx_hal_crc.o
arm-none-eabi-gcc -c -mcpu=cortex-m4 -mthumb -mfpu=fpv4-sp-d16 -mfloat-abi=hard -DUSE_HAL_DRIVER -DSTM32F429xx -IInc -IDrivers/STM32F4xx_HAL_Driver/Inc -IDrivers/STM32F4xx_HAL_Driver/Inc/Legacy -IMiddlewares/Third_Party/FreeRTOS/Source/include -IMiddlewares/Third_Party/FreeRTOS/Source/CMSIS_RTOS -IMiddlewares/Third_Party/FreeRTOS/Source/portable/GCC/ARM_CM4F -IMiddlewares/ST/STM32_USB_Host_Library/Core/Inc -IMiddlewares/ST/STM32_USB_Host_Library/Class/CDC/Inc -IDrivers/CMSIS/Device/ST/STM32F4xx/Include -IDrivers/CMSIS/Include -Og -Wall -fdata-sections -ffunction-sections -g -gdwarf-2 -MMD -MP -MF"build/stm32f4xx_hal_dma2d.d" -Wa,-a,-ad,-alms=build/stm32f4xx_hal_dma2d.lst Drivers/STM32F4xx_HAL_Driver/Src/stm32f4xx_hal_dma2d.c -o build/stm32f4xx_hal_dma2d.o
arm-none-eabi-gcc -c -mcpu=cortex-m4 -mthumb -mfpu=fpv4-sp-d16 -mfloat-abi=hard -DUSE_HAL_DRIVER -DSTM32F429xx -IInc -IDrivers/STM32F4xx_HAL_Driver/Inc -IDrivers/STM32F4xx_HAL_Driver/Inc/Legacy -IMiddlewares/Third_Party/FreeRTOS/Source/include -IMiddlewares/Third_Party/FreeRTOS/Source/CMSIS_RTOS -IMiddlewares/Third_Party/FreeRTOS/Source/portable/GCC/ARM_CM4F -IMiddlewares/ST/STM32_USB_Host_Library/Core/Inc -IMiddlewares/ST/STM32_USB_Host_Library/Class/CDC/Inc -IDrivers/CMSIS/Device/ST/STM32F4xx/Include -IDrivers/CMSIS/Include -Og -Wall -fdata-sections -ffunction-sections -g -gdwarf-2 -MMD -MP -MF"build/stm32f4xx_ll_fmc.d" -Wa,-a,-ad,-alms=build/stm32f4xx_ll_fmc.lst Drivers/STM32F4xx_HAL_Driver/Src/stm32f4xx_ll_fmc.c -o build/stm32f4xx_ll_fmc.o
arm-none-eabi-gcc -c -mcpu=cortex-m4 -mthumb -mfpu=fpv4-sp-d16 -mfloat-abi=hard -DUSE_HAL_DRIVER -DSTM32F429xx -IInc -IDrivers/STM32F4xx_HAL_Driver/Inc -IDrivers/STM32F4xx_HAL_Driver/Inc/Legacy -IMiddlewares/Third_Party/FreeRTOS/Source/include -IMiddlewares/Third_Party/FreeRTOS/Source/CMSIS_RTOS -IMiddlewares/Third_Party/FreeRTOS/Source/portable/GCC/ARM_CM4F -IMiddlewares/ST/STM32_USB_Host_Library/Core/Inc -IMiddlewares/ST/STM32_USB_Host_Library/Class/CDC/Inc -IDrivers/CMSIS/Device/ST/STM32F4xx/Include -IDrivers/CMSIS/Include -Og -Wall -fdata-sections -ffunction-sections -g -gdwarf-2 -MMD -MP -MF"build/stm32f4xx_hal_sdram.d" -Wa,-a,-ad,-alms=build/stm32f4xx_hal_sdram.lst Drivers/STM32F4xx_HAL_Driver/Src/stm32f4xx_hal_sdram.c -o build/stm32f4xx_hal_sdram.o
arm-none-eabi-gcc -c -mcpu=cortex-m4 -mthumb -mfpu=fpv4-sp-d16 -mfloat-abi=hard -DUSE_HAL_DRIVER -DSTM32F429xx -IInc -IDrivers/STM32F4xx_HAL_Driver/Inc -IDrivers/STM32F4xx_HAL_Driver/Inc/Legacy -IMiddlewares/Third_Party/FreeRTOS/Source/include -IMiddlewares/Third_Party/FreeRTOS/Source/CMSIS_RTOS -IMiddlewares/Third_Party/FreeRTOS/Source/portable/GCC/ARM_CM4F -IMiddlewares/ST/STM32_USB_Host_Library/Core/Inc -IMiddlewares/ST/STM32_USB_Host_Library/Class/CDC/Inc -IDrivers/CMSIS/Device/ST/STM32F4xx/Include -IDrivers/CMSIS/Include -Og -Wall -fdata-sections -ffunction-sections -g -gdwarf-2 -MMD -MP -MF"build/stm32f4xx_hal_i2c.d" -Wa,-a,-ad,-alms=build/stm32f4xx_hal_i2c.lst Drivers/STM32F4xx_HAL_Driver/Src/stm32f4xx_hal_i2c.c -o build/stm32f4xx_hal_i2c.o
arm-none-eabi-gcc -c -mcpu=cortex-m4 -mthumb -mfpu=fpv4-sp-d16 -mfloat-abi=hard -DUSE_HAL_DRIVER -DSTM32F429xx -IInc -IDrivers/STM32F4xx_HAL_Driver/Inc -IDrivers/STM32F4xx_HAL_Driver/Inc/Legacy -IMiddlewares/Third_Party/FreeRTOS/Source/include -IMiddlewares/Third_Party/FreeRTOS/Source/CMSIS_RTOS -IMiddlewares/Third_Party/FreeRTOS/Source/portable/GCC/ARM_CM4F -IMiddlewares/ST/STM32_USB_Host_Library/Core/Inc -IMiddlewares/ST/STM32_USB_Host_Library/Class/CDC/Inc -IDrivers/CMSIS/Device/ST/STM32F4xx/Include -IDrivers/CMSIS/Include -Og -Wall -fdata-sections -ffunction-sections -g -gdwarf-2 -MMD -MP -MF"build/stm32f4xx_hal_i2c_ex.d" -Wa,-a,-ad,-alms=build/stm32f4xx_hal_i2c_ex.lst Drivers/STM32F4xx_HAL_Driver/Src/stm32f4xx_hal_i2c_ex.c -o build/stm32f4xx_hal_i2c_ex.o
arm-none-eabi-gcc -c -mcpu=cortex-m4 -mthumb -mfpu=fpv4-sp-d16 -mfloat-abi=hard -DUSE_HAL_DRIVER -DSTM32F429xx -IInc -IDrivers/STM32F4xx_HAL_Driver/Inc -IDrivers/STM32F4xx_HAL_Driver/Inc/Legacy -IMiddlewares/Third_Party/FreeRTOS/Source/include -IMiddlewares/Third_Party/FreeRTOS/Source/CMSIS_RTOS -IMiddlewares/Third_Party/FreeRTOS/Source/portable/GCC/ARM_CM4F -IMiddlewares/ST/STM32_USB_Host_Library/Core/Inc -IMiddlewares/ST/STM32_USB_Host_Library/Class/CDC/Inc -IDrivers/CMSIS/Device/ST/STM32F4xx/Include -IDrivers/CMSIS/Include -Og -Wall -fdata-sections -ffunction-sections -g -gdwarf-2 -MMD -MP -MF"build/stm32f4xx_hal_ltdc.d" -Wa,-a,-ad,-alms=build/stm32f4xx_hal_ltdc.lst Drivers/STM32F4xx_HAL_Driver/Src/stm32f4xx_hal_ltdc.c -o build/stm32f4xx_hal_ltdc.o
arm-none-eabi-gcc -c -mcpu=cortex-m4 -mthumb -mfpu=fpv4-sp-d16 -mfloat-abi=hard -DUSE_HAL_DRIVER -DSTM32F429xx -IInc -IDrivers/STM32F4xx_HAL_Driver/Inc -IDrivers/STM32F4xx_HAL_Driver/Inc/Legacy -IMiddlewares/Third_Party/FreeRTOS/Source/include -IMiddlewares/Third_Party/FreeRTOS/Source/CMSIS_RTOS -IMiddlewares/Third_Party/FreeRTOS/Source/portable/GCC/ARM_CM4F -IMiddlewares/ST/STM32_USB_Host_Library/Core/Inc -IMiddlewares/ST/STM32_USB_Host_Library/Class/CDC/Inc -IDrivers/CMSIS/Device/ST/STM32F4xx/Include -IDrivers/CMSIS/Include -Og -Wall -fdata-sections -ffunction-sections -g -gdwarf-2 -MMD -MP -MF"build/stm32f4xx_hal_ltdc_ex.d" -Wa,-a,-ad,-alms=build/stm32f4xx_hal_ltdc_ex.lst Drivers/STM32F4xx_HAL_Driver/Src/stm32f4xx_hal_ltdc_ex.c -o build/stm32f4xx_hal_ltdc_ex.o
arm-none-eabi-gcc -c -mcpu=cortex-m4 -mthumb -mfpu=fpv4-sp-d16 -mfloat-abi=hard -DUSE_HAL_DRIVER -DSTM32F429xx -IInc -IDrivers/STM32F4xx_HAL_Driver/Inc -IDrivers/STM32F4xx_HAL_Driver/Inc/Legacy -IMiddlewares/Third_Party/FreeRTOS/Source/include -IMiddlewares/Third_Party/FreeRTOS/Source/CMSIS_RTOS -IMiddlewares/Third_Party/FreeRTOS/Source/portable/GCC/ARM_CM4F -IMiddlewares/ST/STM32_USB_Host_Library/Core/Inc -IMiddlewares/ST/STM32_USB_Host_Library/Class/CDC/Inc -IDrivers/CMSIS/Device/ST/STM32F4xx/Include -IDrivers/CMSIS/Include -Og -Wall -fdata-sections -ffunction-sections -g -gdwarf-2 -MMD -MP -MF"build/stm32f4xx_hal_dsi.d" -Wa,-a,-ad,-alms=build/stm32f4xx_hal_dsi.lst Drivers/STM32F4xx_HAL_Driver/Src/stm32f4xx_hal_dsi.c -o build/stm32f4xx_hal_dsi.o
arm-none-eabi-gcc -c -mcpu=cortex-m4 -mthumb -mfpu=fpv4-sp-d16 -mfloat-abi=hard -DUSE_HAL_DRIVER -DSTM32F429xx -IInc -IDrivers/STM32F4xx_HAL_Driver/Inc -IDrivers/STM32F4xx_HAL_Driver/Inc/Legacy -IMiddlewares/Third_Party/FreeRTOS/Source/include -IMiddlewares/Third_Party/FreeRTOS/Source/CMSIS_RTOS -IMiddlewares/Third_Party/FreeRTOS/Source/portable/GCC/ARM_CM4F -IMiddlewares/ST/STM32_USB_Host_Library/Core/Inc -IMiddlewares/ST/STM32_USB_Host_Library/Class/CDC/Inc -IDrivers/CMSIS/Device/ST/STM32F4xx/Include -IDrivers/CMSIS/Include -Og -Wall -fdata-sections -ffunction-sections -g -gdwarf-2 -MMD -MP -MF"build/stm32f4xx_hal_spi.d" -Wa,-a,-ad,-alms=build/stm32f4xx_hal_spi.lst Drivers/STM32F4xx_HAL_Driver/Src/stm32f4xx_hal_spi.c -o build/stm32f4xx_hal_spi.o
arm-none-eabi-gcc -c -mcpu=cortex-m4 -mthumb -mfpu=fpv4-sp-d16 -mfloat-abi=hard -DUSE_HAL_DRIVER -DSTM32F429xx -IInc -IDrivers/STM32F4xx_HAL_Driver/Inc -IDrivers/STM32F4xx_HAL_Driver/Inc/Legacy -IMiddlewares/Third_Party/FreeRTOS/Source/include -IMiddlewares/Third_Party/FreeRTOS/Source/CMSIS_RTOS -IMiddlewares/Third_Party/FreeRTOS/Source/portable/GCC/ARM_CM4F -IMiddlewares/ST/STM32_USB_Host_Library/Core/Inc -IMiddlewares/ST/STM32_USB_Host_Library/Class/CDC/Inc -IDrivers/CMSIS/Device/ST/STM32F4xx/Include -IDrivers/CMSIS/Include -Og -Wall -fdata-sections -ffunction-sections -g -gdwarf-2 -MMD -MP -MF"build/stm32f4xx_hal_tim.d" -Wa,-a,-ad,-alms=build/stm32f4xx_hal_tim.lst Drivers/STM32F4xx_HAL_Driver/Src/stm32f4xx_hal_tim.c -o build/stm32f4xx_hal_tim.o
arm-none-eabi-gcc -c -mcpu=cortex-m4 -mthumb -mfpu=fpv4-sp-d16 -mfloat-abi=hard -DUSE_HAL_DRIVER -DSTM32F429xx -IInc -IDrivers/STM32F4xx_HAL_Driver/Inc -IDrivers/STM32F4xx_HAL_Driver/Inc/Legacy -IMiddlewares/Third_Party/FreeRTOS/Source/include -IMiddlewares/Third_Party/FreeRTOS/Source/CMSIS_RTOS -IMiddlewares/Third_Party/FreeRTOS/Source/portable/GCC/ARM_CM4F -IMiddlewares/ST/STM32_USB_Host_Library/Core/Inc -IMiddlewares/ST/STM32_USB_Host_Library/Class/CDC/Inc -IDrivers/CMSIS/Device/ST/STM32F4xx/Include -IDrivers/CMSIS/Include -Og -Wall -fdata-sections -ffunction-sections -g -gdwarf-2 -MMD -MP -MF"build/stm32f4xx_hal_tim_ex.d" -Wa,-a,-ad,-alms=build/stm32f4xx_hal_tim_ex.lst Drivers/STM32F4xx_HAL_Driver/Src/stm32f4xx_hal_tim_ex.c -o build/stm32f4xx_hal_tim_ex.o
arm-none-eabi-gcc -c -mcpu=cortex-m4 -mthumb -mfpu=fpv4-sp-d16 -mfloat-abi=hard -DUSE_HAL_DRIVER -DSTM32F429xx -IInc -IDrivers/STM32F4xx_HAL_Driver/Inc -IDrivers/STM32F4xx_HAL_Driver/Inc/Legacy -IMiddlewares/Third_Party/FreeRTOS/Source/include -IMiddlewares/Third_Party/FreeRTOS/Source/CMSIS_RTOS -IMiddlewares/Third_Party/FreeRTOS/Source/portable/GCC/ARM_CM4F -IMiddlewares/ST/STM32_USB_Host_Library/Core/Inc -IMiddlewares/ST/STM32_USB_Host_Library/Class/CDC/Inc -IDrivers/CMSIS/Device/ST/STM32F4xx/Include -IDrivers/CMSIS/Include -Og -Wall -fdata-sections -ffunction-sections -g -gdwarf-2 -MMD -MP -MF"build/stm32f4xx_hal_uart.d" -Wa,-a,-ad,-alms=build/stm32f4xx_hal_uart.lst Drivers/STM32F4xx_HAL_Driver/Src/stm32f4xx_hal_uart.c -o build/stm32f4xx_hal_uart.o
arm-none-eabi-gcc -c -mcpu=cortex-m4 -mthumb -mfpu=fpv4-sp-d16 -mfloat-abi=hard -DUSE_HAL_DRIVER -DSTM32F429xx -IInc -IDrivers/STM32F4xx_HAL_Driver/Inc -IDrivers/STM32F4xx_HAL_Driver/Inc/Legacy -IMiddlewares/Third_Party/FreeRTOS/Source/include -IMiddlewares/Third_Party/FreeRTOS/Source/CMSIS_RTOS -IMiddlewares/Third_Party/FreeRTOS/Source/portable/GCC/ARM_CM4F -IMiddlewares/ST/STM32_USB_Host_Library/Core/Inc -IMiddlewares/ST/STM32_USB_Host_Library/Class/CDC/Inc -IDrivers/CMSIS/Device/ST/STM32F4xx/Include -IDrivers/CMSIS/Include -Og -Wall -fdata-sections -ffunction-sections -g -gdwarf-2 -MMD -MP -MF"build/system_stm32f4xx.d" -Wa,-a,-ad,-alms=build/system_stm32f4xx.lst Src/system_stm32f4xx.c -o build/system_stm32f4xx.o
arm-none-eabi-gcc -c -mcpu=cortex-m4 -mthumb -mfpu=fpv4-sp-d16 -mfloat-abi=hard -DUSE_HAL_DRIVER -DSTM32F429xx -IInc -IDrivers/STM32F4xx_HAL_Driver/Inc -IDrivers/STM32F4xx_HAL_Driver/Inc/Legacy -IMiddlewares/Third_Party/FreeRTOS/Source/include -IMiddlewares/Third_Party/FreeRTOS/Source/CMSIS_RTOS -IMiddlewares/Third_Party/FreeRTOS/Source/portable/GCC/ARM_CM4F -IMiddlewares/ST/STM32_USB_Host_Library/Core/Inc -IMiddlewares/ST/STM32_USB_Host_Library/Class/CDC/Inc -IDrivers/CMSIS/Device/ST/STM32F4xx/Include -IDrivers/CMSIS/Include -Og -Wall -fdata-sections -ffunction-sections -g -gdwarf-2 -MMD -MP -MF"build/croutine.d" -Wa,-a,-ad,-alms=build/croutine.lst Middlewares/Third_Party/FreeRTOS/Source/croutine.c -o build/croutine.o
arm-none-eabi-gcc -c -mcpu=cortex-m4 -mthumb -mfpu=fpv4-sp-d16 -mfloat-abi=hard -DUSE_HAL_DRIVER -DSTM32F429xx -IInc -IDrivers/STM32F4xx_HAL_Driver/Inc -IDrivers/STM32F4xx_HAL_Driver/Inc/Legacy -IMiddlewares/Third_Party/FreeRTOS/Source/include -IMiddlewares/Third_Party/FreeRTOS/Source/CMSIS_RTOS -IMiddlewares/Third_Party/FreeRTOS/Source/portable/GCC/ARM_CM4F -IMiddlewares/ST/STM32_USB_Host_Library/Core/Inc -IMiddlewares/ST/STM32_USB_Host_Library/Class/CDC/Inc -IDrivers/CMSIS/Device/ST/STM32F4xx/Include -IDrivers/CMSIS/Include -Og -Wall -fdata-sections -ffunction-sections -g -gdwarf-2 -MMD -MP -MF"build/event_groups.d" -Wa,-a,-ad,-alms=build/event_groups.lst Middlewares/Third_Party/FreeRTOS/Source/event_groups.c -o build/event_groups.o
arm-none-eabi-gcc -c -mcpu=cortex-m4 -mthumb -mfpu=fpv4-sp-d16 -mfloat-abi=hard -DUSE_HAL_DRIVER -DSTM32F429xx -IInc -IDrivers/STM32F4xx_HAL_Driver/Inc -IDrivers/STM32F4xx_HAL_Driver/Inc/Legacy -IMiddlewares/Third_Party/FreeRTOS/Source/include -IMiddlewares/Third_Party/FreeRTOS/Source/CMSIS_RTOS -IMiddlewares/Third_Party/FreeRTOS/Source/portable/GCC/ARM_CM4F -IMiddlewares/ST/STM32_USB_Host_Library/Core/Inc -IMiddlewares/ST/STM32_USB_Host_Library/Class/CDC/Inc -IDrivers/CMSIS/Device/ST/STM32F4xx/Include -IDrivers/CMSIS/Include -Og -Wall -fdata-sections -ffunction-sections -g -gdwarf-2 -MMD -MP -MF"build/list.d" -Wa,-a,-ad,-alms=build/list.lst Middlewares/Third_Party/FreeRTOS/Source/list.c -o build/list.o
arm-none-eabi-gcc -c -mcpu=cortex-m4 -mthumb -mfpu=fpv4-sp-d16 -mfloat-abi=hard -DUSE_HAL_DRIVER -DSTM32F429xx -IInc -IDrivers/STM32F4xx_HAL_Driver/Inc -IDrivers/STM32F4xx_HAL_Driver/Inc/Legacy -IMiddlewares/Third_Party/FreeRTOS/Source/include -IMiddlewares/Third_Party/FreeRTOS/Source/CMSIS_RTOS -IMiddlewares/Third_Party/FreeRTOS/Source/portable/GCC/ARM_CM4F -IMiddlewares/ST/STM32_USB_Host_Library/Core/Inc -IMiddlewares/ST/STM32_USB_Host_Library/Class/CDC/Inc -IDrivers/CMSIS/Device/ST/STM32F4xx/Include -IDrivers/CMSIS/Include -Og -Wall -fdata-sections -ffunction-sections -g -gdwarf-2 -MMD -MP -MF"build/queue.d" -Wa,-a,-ad,-alms=build/queue.lst Middlewares/Third_Party/FreeRTOS/Source/queue.c -o build/queue.o
arm-none-eabi-gcc -c -mcpu=cortex-m4 -mthumb -mfpu=fpv4-sp-d16 -mfloat-abi=hard -DUSE_HAL_DRIVER -DSTM32F429xx -IInc -IDrivers/STM32F4xx_HAL_Driver/Inc -IDrivers/STM32F4xx_HAL_Driver/Inc/Legacy -IMiddlewares/Third_Party/FreeRTOS/Source/include -IMiddlewares/Third_Party/FreeRTOS/Source/CMSIS_RTOS -IMiddlewares/Third_Party/FreeRTOS/Source/portable/GCC/ARM_CM4F -IMiddlewares/ST/STM32_USB_Host_Library/Core/Inc -IMiddlewares/ST/STM32_USB_Host_Library/Class/CDC/Inc -IDrivers/CMSIS/Device/ST/STM32F4xx/Include -IDrivers/CMSIS/Include -Og -Wall -fdata-sections -ffunction-sections -g -gdwarf-2 -MMD -MP -MF"build/stream_buffer.d" -Wa,-a,-ad,-alms=build/stream_buffer.lst Middlewares/Third_Party/FreeRTOS/Source/stream_buffer.c -o build/stream_buffer.o
arm-none-eabi-gcc -c -mcpu=cortex-m4 -mthumb -mfpu=fpv4-sp-d16 -mfloat-abi=hard -DUSE_HAL_DRIVER -DSTM32F429xx -IInc -IDrivers/STM32F4xx_HAL_Driver/Inc -IDrivers/STM32F4xx_HAL_Driver/Inc/Legacy -IMiddlewares/Third_Party/FreeRTOS/Source/include -IMiddlewares/Third_Party/FreeRTOS/Source/CMSIS_RTOS -IMiddlewares/Third_Party/FreeRTOS/Source/portable/GCC/ARM_CM4F -IMiddlewares/ST/STM32_USB_Host_Library/Core/Inc -IMiddlewares/ST/STM32_USB_Host_Library/Class/CDC/Inc -IDrivers/CMSIS/Device/ST/STM32F4xx/Include -IDrivers/CMSIS/Include -Og -Wall -fdata-sections -ffunction-sections -g -gdwarf-2 -MMD -MP -MF"build/tasks.d" -Wa,-a,-ad,-alms=build/tasks.lst Middlewares/Third_Party/FreeRTOS/Source/tasks.c -o build/tasks.o
arm-none-eabi-gcc -c -mcpu=cortex-m4 -mthumb -mfpu=fpv4-sp-d16 -mfloat-abi=hard -DUSE_HAL_DRIVER -DSTM32F429xx -IInc -IDrivers/STM32F4xx_HAL_Driver/Inc -IDrivers/STM32F4xx_HAL_Driver/Inc/Legacy -IMiddlewares/Third_Party/FreeRTOS/Source/include -IMiddlewares/Third_Party/FreeRTOS/Source/CMSIS_RTOS -IMiddlewares/Third_Party/FreeRTOS/Source/portable/GCC/ARM_CM4F -IMiddlewares/ST/STM32_USB_Host_Library/Core/Inc -IMiddlewares/ST/STM32_USB_Host_Library/Class/CDC/Inc -IDrivers/CMSIS/Device/ST/STM32F4xx/Include -IDrivers/CMSIS/Include -Og -Wall -fdata-sections -ffunction-sections -g -gdwarf-2 -MMD -MP -MF"build/timers.d" -Wa,-a,-ad,-alms=build/timers.lst Middlewares/Third_Party/FreeRTOS/Source/timers.c -o build/timers.o
arm-none-eabi-gcc -c -mcpu=cortex-m4 -mthumb -mfpu=fpv4-sp-d16 -mfloat-abi=hard -DUSE_HAL_DRIVER -DSTM32F429xx -IInc -IDrivers/STM32F4xx_HAL_Driver/Inc -IDrivers/STM32F4xx_HAL_Driver/Inc/Legacy -IMiddlewares/Third_Party/FreeRTOS/Source/include -IMiddlewares/Third_Party/FreeRTOS/Source/CMSIS_RTOS -IMiddlewares/Third_Party/FreeRTOS/Source/portable/GCC/ARM_CM4F -IMiddlewares/ST/STM32_USB_Host_Library/Core/Inc -IMiddlewares/ST/STM32_USB_Host_Library/Class/CDC/Inc -IDrivers/CMSIS/Device/ST/STM32F4xx/Include -IDrivers/CMSIS/Include -Og -Wall -fdata-sections -ffunction-sections -g -gdwarf-2 -MMD -MP -MF"build/cmsis_os.d" -Wa,-a,-ad,-alms=build/cmsis_os.lst Middlewares/Third_Party/FreeRTOS/Source/CMSIS_RTOS/cmsis_os.c -o build/cmsis_os.o
arm-none-eabi-gcc -c -mcpu=cortex-m4 -mthumb -mfpu=fpv4-sp-d16 -mfloat-abi=hard -DUSE_HAL_DRIVER -DSTM32F429xx -IInc -IDrivers/STM32F4xx_HAL_Driver/Inc -IDrivers/STM32F4xx_HAL_Driver/Inc/Legacy -IMiddlewares/Third_Party/FreeRTOS/Source/include -IMiddlewares/Third_Party/FreeRTOS/Source/CMSIS_RTOS -IMiddlewares/Third_Party/FreeRTOS/Source/portable/GCC/ARM_CM4F -IMiddlewares/ST/STM32_USB_Host_Library/Core/Inc -IMiddlewares/ST/STM32_USB_Host_Library/Class/CDC/Inc -IDrivers/CMSIS/Device/ST/STM32F4xx/Include -IDrivers/CMSIS/Include -Og -Wall -fdata-sections -ffunction-sections -g -gdwarf-2 -MMD -MP -MF"build/heap_4.d" -Wa,-a,-ad,-alms=build/heap_4.lst Middlewares/Third_Party/FreeRTOS/Source/portable/MemMang/heap_4.c -o build/heap_4.o
arm-none-eabi-gcc -c -mcpu=cortex-m4 -mthumb -mfpu=fpv4-sp-d16 -mfloat-abi=hard -DUSE_HAL_DRIVER -DSTM32F429xx -IInc -IDrivers/STM32F4xx_HAL_Driver/Inc -IDrivers/STM32F4xx_HAL_Driver/Inc/Legacy -IMiddlewares/Third_Party/FreeRTOS/Source/include -IMiddlewares/Third_Party/FreeRTOS/Source/CMSIS_RTOS -IMiddlewares/Third_Party/FreeRTOS/Source/portable/GCC/ARM_CM4F -IMiddlewares/ST/STM32_USB_Host_Library/Core/Inc -IMiddlewares/ST/STM32_USB_Host_Library/Class/CDC/Inc -IDrivers/CMSIS/Device/ST/STM32F4xx/Include -IDrivers/CMSIS/Include -Og -Wall -fdata-sections -ffunction-sections -g -gdwarf-2 -MMD -MP -MF"build/port.d" -Wa,-a,-ad,-alms=build/port.lst Middlewares/Third_Party/FreeRTOS/Source/portable/GCC/ARM_CM4F/port.c -o build/port.o
arm-none-eabi-gcc -c -mcpu=cortex-m4 -mthumb -mfpu=fpv4-sp-d16 -mfloat-abi=hard -DUSE_HAL_DRIVER -DSTM32F429xx -IInc -IDrivers/STM32F4xx_HAL_Driver/Inc -IDrivers/STM32F4xx_HAL_Driver/Inc/Legacy -IMiddlewares/Third_Party/FreeRTOS/Source/include -IMiddlewares/Third_Party/FreeRTOS/Source/CMSIS_RTOS -IMiddlewares/Third_Party/FreeRTOS/Source/portable/GCC/ARM_CM4F -IMiddlewares/ST/STM32_USB_Host_Library/Core/Inc -IMiddlewares/ST/STM32_USB_Host_Library/Class/CDC/Inc -IDrivers/CMSIS/Device/ST/STM32F4xx/Include -IDrivers/CMSIS/Include -Og -Wall -fdata-sections -ffunction-sections -g -gdwarf-2 -MMD -MP -MF"build/usbh_core.d" -Wa,-a,-ad,-alms=build/usbh_core.lst Middlewares/ST/STM32_USB_Host_Library/Core/Src/usbh_core.c -o build/usbh_core.o
arm-none-eabi-gcc -c -mcpu=cortex-m4 -mthumb -mfpu=fpv4-sp-d16 -mfloat-abi=hard -DUSE_HAL_DRIVER -DSTM32F429xx -IInc -IDrivers/STM32F4xx_HAL_Driver/Inc -IDrivers/STM32F4xx_HAL_Driver/Inc/Legacy -IMiddlewares/Third_Party/FreeRTOS/Source/include -IMiddlewares/Third_Party/FreeRTOS/Source/CMSIS_RTOS -IMiddlewares/Third_Party/FreeRTOS/Source/portable/GCC/ARM_CM4F -IMiddlewares/ST/STM32_USB_Host_Library/Core/Inc -IMiddlewares/ST/STM32_USB_Host_Library/Class/CDC/Inc -IDrivers/CMSIS/Device/ST/STM32F4xx/Include -IDrivers/CMSIS/Include -Og -Wall -fdata-sections -ffunction-sections -g -gdwarf-2 -MMD -MP -MF"build/usbh_ctlreq.d" -Wa,-a,-ad,-alms=build/usbh_ctlreq.lst Middlewares/ST/STM32_USB_Host_Library/Core/Src/usbh_ctlreq.c -o build/usbh_ctlreq.o
arm-none-eabi-gcc -c -mcpu=cortex-m4 -mthumb -mfpu=fpv4-sp-d16 -mfloat-abi=hard -DUSE_HAL_DRIVER -DSTM32F429xx -IInc -IDrivers/STM32F4xx_HAL_Driver/Inc -IDrivers/STM32F4xx_HAL_Driver/Inc/Legacy -IMiddlewares/Third_Party/FreeRTOS/Source/include -IMiddlewares/Third_Party/FreeRTOS/Source/CMSIS_RTOS -IMiddlewares/Third_Party/FreeRTOS/Source/portable/GCC/ARM_CM4F -IMiddlewares/ST/STM32_USB_Host_Library/Core/Inc -IMiddlewares/ST/STM32_USB_Host_Library/Class/CDC/Inc -IDrivers/CMSIS/Device/ST/STM32F4xx/Include -IDrivers/CMSIS/Include -Og -Wall -fdata-sections -ffunction-sections -g -gdwarf-2 -MMD -MP -MF"build/usbh_ioreq.d" -Wa,-a,-ad,-alms=build/usbh_ioreq.lst Middlewares/ST/STM32_USB_Host_Library/Core/Src/usbh_ioreq.c -o build/usbh_ioreq.o
arm-none-eabi-gcc -c -mcpu=cortex-m4 -mthumb -mfpu=fpv4-sp-d16 -mfloat-abi=hard -DUSE_HAL_DRIVER -DSTM32F429xx -IInc -IDrivers/STM32F4xx_HAL_Driver/Inc -IDrivers/STM32F4xx_HAL_Driver/Inc/Legacy -IMiddlewares/Third_Party/FreeRTOS/Source/include -IMiddlewares/Third_Party/FreeRTOS/Source/CMSIS_RTOS -IMiddlewares/Third_Party/FreeRTOS/Source/portable/GCC/ARM_CM4F -IMiddlewares/ST/STM32_USB_Host_Library/Core/Inc -IMiddlewares/ST/STM32_USB_Host_Library/Class/CDC/Inc -IDrivers/CMSIS/Device/ST/STM32F4xx/Include -IDrivers/CMSIS/Include -Og -Wall -fdata-sections -ffunction-sections -g -gdwarf-2 -MMD -MP -MF"build/usbh_pipes.d" -Wa,-a,-ad,-alms=build/usbh_pipes.lst Middlewares/ST/STM32_USB_Host_Library/Core/Src/usbh_pipes.c -o build/usbh_pipes.o
arm-none-eabi-gcc -c -mcpu=cortex-m4 -mthumb -mfpu=fpv4-sp-d16 -mfloat-abi=hard -DUSE_HAL_DRIVER -DSTM32F429xx -IInc -IDrivers/STM32F4xx_HAL_Driver/Inc -IDrivers/STM32F4xx_HAL_Driver/Inc/Legacy -IMiddlewares/Third_Party/FreeRTOS/Source/include -IMiddlewares/Third_Party/FreeRTOS/Source/CMSIS_RTOS -IMiddlewares/Third_Party/FreeRTOS/Source/portable/GCC/ARM_CM4F -IMiddlewares/ST/STM32_USB_Host_Library/Core/Inc -IMiddlewares/ST/STM32_USB_Host_Library/Class/CDC/Inc -IDrivers/CMSIS/Device/ST/STM32F4xx/Include -IDrivers/CMSIS/Include -Og -Wall -fdata-sections -ffunction-sections -g -gdwarf-2 -MMD -MP -MF"build/usbh_cdc.d" -Wa,-a,-ad,-alms=build/usbh_cdc.lst Middlewares/ST/STM32_USB_Host_Library/Class/CDC/Src/usbh_cdc.c -o build/usbh_cdc.o
arm-none-eabi-gcc -x assembler-with-cpp -c -mcpu=cortex-m4 -mthumb -mfpu=fpv4-sp-d16 -mfloat-abi=hard -DUSE_HAL_DRIVER -DSTM32F429xx -IInc -IDrivers/STM32F4xx_HAL_Driver/Inc -IDrivers/STM32F4xx_HAL_Driver/Inc/Legacy -IMiddlewares/Third_Party/FreeRTOS/Source/include -IMiddlewares/Third_Party/FreeRTOS/Source/CMSIS_RTOS -IMiddlewares/Third_Party/FreeRTOS/Source/portable/GCC/ARM_CM4F -IMiddlewares/ST/STM32_USB_Host_Library/Core/Inc -IMiddlewares/ST/STM32_USB_Host_Library/Class/CDC/Inc -IDrivers/CMSIS/Device/ST/STM32F4xx/Include -IDrivers/CMSIS/Include -Og -Wall -fdata-sections -ffunction-sections -g -gdwarf-2 -MMD -MP -MF"build/startup_stm32f429xx.d" startup_stm32f429xx.s -o build/startup_stm32f429xx.o
arm-none-eabi-gcc build/main.o build/freertos.o build/usb_host.o build/usbh_conf.o build/usbh_platform.o build/stm32f4xx_it.o build/stm32f4xx_hal_msp.o build/stm32f4xx_hal_timebase_tim.o build/stm32f4xx_hal_hcd.o build/stm32f4xx_ll_usb.o build/stm32f4xx_hal_rcc.o build/stm32f4xx_hal_rcc_ex.o build/stm32f4xx_hal_flash.o build/stm32f4xx_hal_flash_ex.o build/stm32f4xx_hal_flash_ramfunc.o build/stm32f4xx_hal_gpio.o build/stm32f4xx_hal_dma_ex.o build/stm32f4xx_hal_dma.o build/stm32f4xx_hal_pwr.o build/stm32f4xx_hal_pwr_ex.o build/stm32f4xx_hal_cortex.o build/stm32f4xx_hal.o build/stm32f4xx_hal_exti.o build/stm32f4xx_hal_crc.o build/stm32f4xx_hal_dma2d.o build/stm32f4xx_ll_fmc.o build/stm32f4xx_hal_sdram.o build/stm32f4xx_hal_i2c.o build/stm32f4xx_hal_i2c_ex.o build/stm32f4xx_hal_ltdc.o build/stm32f4xx_hal_ltdc_ex.o build/stm32f4xx_hal_dsi.o build/stm32f4xx_hal_spi.o build/stm32f4xx_hal_tim.o build/stm32f4xx_hal_tim_ex.o build/stm32f4xx_hal_uart.o build/system_stm32f4xx.o build/croutine.o build/event_groups.o build/list.o build/queue.o build/stream_buffer.o build/tasks.o build/timers.o build/cmsis_os.o build/heap_4.o build/port.o build/usbh_core.o build/usbh_ctlreq.o build/usbh_ioreq.o build/usbh_pipes.o build/usbh_cdc.o build/startup_stm32f429xx.o -mcpu=cortex-m4 -mthumb -mfpu=fpv4-sp-d16 -mfloat-abi=hard -specs=nano.specs -TSTM32F429ZITx_FLASH.ld  -lc -lm -lnosys  -Wl,-Map=build/f429Disco.map,--cref -Wl,--gc-sections -o build/f429Disco.elf
arm-none-eabi-size build/f429Disco.elf
   text	   data	    bss	    dec	    hex	filename
  29632	    156	  37660	  67448	  10778	build/f429Disco.elf
arm-none-eabi-objcopy -O ihex build/f429Disco.elf build/f429Disco.hex
arm-none-eabi-objcopy -O binary -S build/f429Disco.elf build/f429Disco.bin	

19:59:38 Build Finished. 0 errors, 0 warnings. (took 14s.222ms)

